2026-04-27 01:03:15,784 INFO Adding job tentatively -- it will be properly scheduled when the scheduler starts
2026-04-27 01:03:15,784 INFO Adding job tentatively -- it will be properly scheduled when the scheduler starts
2026-04-27 01:03:15,784 INFO Adding job tentatively -- it will be properly scheduled when the scheduler starts
2026-04-27 01:03:15,785 INFO Added job "_auto_scan" to job store "default"
2026-04-27 01:03:15,785 INFO Added job "_auto_scan" to job store "default"
2026-04-27 01:03:15,785 INFO Added job "_auto_scan" to job store "default"
2026-04-27 01:03:15,785 INFO Scheduler started
2026-04-28 08:51:30,002 INFO Adding job tentatively -- it will be properly scheduled when the scheduler starts
2026-04-28 08:51:30,003 INFO Adding job tentatively -- it will be properly scheduled when the scheduler starts
2026-04-28 08:51:30,003 INFO Adding job tentatively -- it will be properly scheduled when the scheduler starts
2026-04-28 08:51:30,003 INFO Added job "_auto_scan" to job store "default"
2026-04-28 08:51:30,003 INFO Added job "_auto_scan" to job store "default"
2026-04-28 08:51:30,003 INFO Added job "_auto_scan" to job store "default"
2026-04-28 08:51:30,003 INFO Scheduler started
2026-04-28 08:52:24,691 INFO Upstox token saved
2026-04-28 08:52:29,532 INFO Adding job tentatively -- it will be properly scheduled when the scheduler starts
2026-04-28 08:52:29,533 INFO Adding job tentatively -- it will be properly scheduled when the scheduler starts
2026-04-28 08:52:29,534 INFO Adding job tentatively -- it will be properly scheduled when the scheduler starts
2026-04-28 08:52:29,534 INFO Added job "_auto_scan" to job store "default"
2026-04-28 08:52:29,534 INFO Added job "_auto_scan" to job store "default"
2026-04-28 08:52:29,534 INFO Added job "_auto_scan" to job store "default"
2026-04-28 08:52:29,534 INFO Scheduler started
2026-04-28 09:13:30,028 INFO Adding job tentatively -- it will be properly scheduled when the scheduler starts
2026-04-28 09:13:30,029 INFO Adding job tentatively -- it will be properly scheduled when the scheduler starts
2026-04-28 09:13:30,029 INFO Adding job tentatively -- it will be properly scheduled when the scheduler starts
2026-04-28 09:13:30,029 INFO Added job "_auto_scan" to job store "default"
2026-04-28 09:13:30,029 INFO Added job "_auto_scan" to job store "default"
2026-04-28 09:13:30,029 INFO Added job "_auto_scan" to job store "default"
2026-04-28 09:13:30,029 INFO Scheduler started
2026-04-28 09:13:37,242 WARNING Matplotlib is building the font cache; this may take a moment.
2026-04-28 09:13:45,825 INFO Failed to extract font properties from /System/Library/Fonts/SFIndia.ttc: In FT2Font: Can not load face (SFNT font table missing; error code 0x8e)
2026-04-28 09:13:45,831 INFO Failed to extract font properties from /System/Library/Fonts/Supplemental/NISC18030.ttf: In FT2Font: Could not set the fontsize (invalid pixel size; error code 0x17)
2026-04-28 09:13:45,856 INFO Failed to extract font properties from /System/Library/PrivateFrameworks/FontServices.framework/Resources/Reserved/PingFangUI.ttc: In FT2Font: Can not load face (locations (loca) table missing; error code 0x90)
2026-04-28 09:13:45,864 INFO Failed to extract font properties from /System/Library/Fonts/LastResort.otf: tuple indices must be integers or slices, not str
2026-04-28 09:13:45,932 INFO Failed to extract font properties from /System/Library/Fonts/Apple Color Emoji.ttc: In FT2Font: Could not set the fontsize (invalid pixel size; error code 0x17)
2026-04-28 09:13:45,991 INFO generated new fontManager
2026-04-28 09:15:04,117 ERROR HTTP Error 404: {"quoteSummary":{"result":null,"error":{"code":"Not Found","description":"Quote not found for symbol: PRISMJOHNSON.NS"}}}
2026-04-28 09:15:04,457 ERROR $PRISMJOHNSON.NS: possibly delisted; no price data found  (period=6mo) (Yahoo error = "No data found, symbol may be delisted")
2026-04-28 09:15:04,457 ERROR 
1 Failed download:
2026-04-28 09:15:04,458 ERROR ['PRISMJOHNSON.NS']: possibly delisted; no price data found  (period=6mo) (Yahoo error = "No data found, symbol may be delisted")
2026-04-28 09:15:04,912 ERROR HTTP Error 404: {"quoteSummary":{"result":null,"error":{"code":"Not Found","description":"Quote not found for symbol: PRISMJOHNSON.NS"}}}
2026-04-28 09:15:05,564 ERROR $PRISMJOHNSON.NS: possibly delisted; no price data found  (period=6mo) (Yahoo error = "No data found, symbol may be delisted")
2026-04-28 09:15:05,570 ERROR 
1 Failed download:
2026-04-28 09:15:05,571 ERROR ['PRISMJOHNSON.NS']: possibly delisted; no price data found  (period=6mo) (Yahoo error = "No data found, symbol may be delisted")
2026-04-28 20:10:58,794 INFO Adding job tentatively -- it will be properly scheduled when the scheduler starts
2026-04-28 20:10:58,794 INFO Adding job tentatively -- it will be properly scheduled when the scheduler starts
2026-04-28 20:10:58,794 INFO Adding job tentatively -- it will be properly scheduled when the scheduler starts
2026-04-28 20:10:58,795 INFO Added job "_auto_scan" to job store "default"
2026-04-28 20:10:58,795 INFO Added job "_auto_scan" to job store "default"
2026-04-28 20:10:58,795 INFO Added job "_auto_scan" to job store "default"
2026-04-28 20:10:58,795 INFO Scheduler started
2026-04-28 20:13:43,543 ERROR HTTP Error 404: {"quoteSummary":{"result":null,"error":{"code":"Not Found","description":"Quote not found for symbol: ADANITOTALGAS.NS"}}}
2026-04-28 20:13:43,880 ERROR $ADANITOTALGAS.NS: possibly delisted; no price data found  (period=6mo) (Yahoo error = "No data found, symbol may be delisted")
2026-04-28 20:13:43,883 ERROR 
1 Failed download:
2026-04-28 20:13:43,883 ERROR ['ADANITOTALGAS.NS']: possibly delisted; no price data found  (period=6mo) (Yahoo error = "No data found, symbol may be delisted")
2026-04-28 20:13:51,477 ERROR HTTP Error 404: {"quoteSummary":{"result":null,"error":{"code":"Not Found","description":"Quote not found for symbol: ATOLL.NS"}}}
2026-04-28 20:13:51,978 ERROR $ATOLL.NS: possibly delisted; no price data found  (period=6mo) (Yahoo error = "No data found, symbol may be delisted")
2026-04-28 20:13:51,978 ERROR 
1 Failed download:
2026-04-28 20:13:51,979 ERROR ['ATOLL.NS']: possibly delisted; no price data found  (period=6mo) (Yahoo error = "No data found, symbol may be delisted")
2026-08-13 12:45:00,184 INFO screen: narrative — 1 written, 0 rejected by the guard, 0 no answer from the model
2026-08-13 12:45:00,184 INFO screen: narrative — 1 written, 0 rejected by the guard, 0 no answer from the model
2026-08-13 12:45:00,185 INFO screen: narrative for TCS rejected — numbers not in the facts: ['31']
2026-08-13 12:45:00,185 INFO screen: narrative — 0 written, 1 rejected by the guard, 0 no answer from the model
2026-08-13 12:45:00,185 INFO screen: narrative for TCS rejected — advice language
2026-08-13 12:45:00,185 INFO screen: narrative — 0 written, 1 rejected by the guard, 0 no answer from the model
2026-08-13 12:45:00,185 INFO screen: no AI callable — narrative skipped, SWOT unaffected
2026-08-13 12:45:00,185 INFO screen: narrative — 0 written, 0 rejected by the guard, 0 no answer from the model
2026-08-13 12:45:00,422 INFO Startup: content cache invalidated
2026-08-13 12:45:00,423 INFO Adding job tentatively -- it will be properly scheduled when the scheduler starts
2026-08-13 12:45:00,423 INFO Added job "_daily_6am_refresh" to job store "default"
2026-08-13 12:45:00,423 INFO Scheduler started
2026-08-13 12:45:00,423 INFO Scheduler: daily refresh at 06:00 IST (00:30 UTC)
2026-08-13 12:45:00,423 INFO THE DAILY SIGNAL — news.askakshay.com — started
2026-08-13 12:45:00,424 INFO picks: loaded from DB cache (2026-W33-v5)
2026-08-13 13:44:40,760 INFO screen: narrative — 1 written, 0 rejected by the guard, 0 no answer from the model
2026-08-13 13:44:40,760 INFO screen: narrative — 1 written, 0 rejected by the guard, 0 no answer from the model
2026-08-13 13:44:40,760 INFO screen: narrative for TCS rejected — numbers not in the facts: ['31']
2026-08-13 13:44:40,760 INFO screen: narrative — 0 written, 1 rejected by the guard, 0 no answer from the model
2026-08-13 13:44:40,761 INFO screen: narrative for TCS rejected — advice language
2026-08-13 13:44:40,761 INFO screen: narrative — 0 written, 1 rejected by the guard, 0 no answer from the model
2026-08-13 13:44:40,761 INFO screen: no AI callable — narrative skipped, SWOT unaffected
2026-08-13 13:44:40,761 INFO screen: narrative — 0 written, 0 rejected by the guard, 0 no answer from the model
2026-08-13 13:44:41,008 INFO Startup: content cache invalidated
2026-08-13 13:44:41,008 INFO Adding job tentatively -- it will be properly scheduled when the scheduler starts
2026-08-13 13:44:41,008 INFO Added job "_daily_6am_refresh" to job store "default"
2026-08-13 13:44:41,009 INFO Scheduler started
2026-08-13 13:44:41,009 INFO Scheduler: daily refresh at 06:00 IST (00:30 UTC)
2026-08-13 13:44:41,009 INFO THE DAILY SIGNAL — news.askakshay.com — started
2026-08-13 13:44:41,009 INFO picks: loaded from DB cache (2026-W33-v5)
2026-08-13 13:44:42,191 INFO screen: narrative — 1 written, 0 rejected by the guard, 0 no answer from the model
2026-08-13 13:44:42,191 INFO screen: narrative — 1 written, 0 rejected by the guard, 0 no answer from the model
2026-08-13 13:44:42,191 INFO screen: narrative for TCS rejected — numbers not in the facts: ['31']
2026-08-13 13:44:42,191 INFO screen: narrative — 0 written, 1 rejected by the guard, 0 no answer from the model
2026-08-13 13:44:42,191 INFO screen: narrative for TCS rejected — advice language
2026-08-13 13:44:42,191 INFO screen: narrative — 0 written, 1 rejected by the guard, 0 no answer from the model
2026-08-13 13:44:42,191 INFO screen: no AI callable — narrative skipped, SWOT unaffected
2026-08-13 13:44:42,191 INFO screen: narrative — 0 written, 0 rejected by the guard, 0 no answer from the model
2026-08-13 13:44:42,391 INFO Startup: content cache invalidated
2026-08-13 13:44:42,392 INFO Adding job tentatively -- it will be properly scheduled when the scheduler starts
2026-08-13 13:44:42,392 INFO Added job "_daily_6am_refresh" to job store "default"
2026-08-13 13:44:42,392 INFO Scheduler started
2026-08-13 13:44:42,392 INFO Scheduler: daily refresh at 06:00 IST (00:30 UTC)
2026-08-13 13:44:42,392 INFO THE DAILY SIGNAL — news.askakshay.com — started
2026-08-13 13:44:42,392 INFO picks: loaded from DB cache (2026-W33-v5)
2026-08-13 13:44:43,574 INFO screen: narrative — 1 written, 0 rejected by the guard, 0 no answer from the model
2026-08-13 13:44:43,574 INFO screen: narrative — 1 written, 0 rejected by the guard, 0 no answer from the model
2026-08-13 13:44:43,574 INFO screen: narrative for TCS rejected — numbers not in the facts: ['31']
2026-08-13 13:44:43,574 INFO screen: narrative — 0 written, 1 rejected by the guard, 0 no answer from the model
2026-08-13 13:44:43,574 INFO screen: narrative for TCS rejected — advice language
2026-08-13 13:44:43,574 INFO screen: narrative — 0 written, 1 rejected by the guard, 0 no answer from the model
2026-08-13 13:44:43,574 INFO screen: no AI callable — narrative skipped, SWOT unaffected
2026-08-13 13:44:43,574 INFO screen: narrative — 0 written, 0 rejected by the guard, 0 no answer from the model
2026-08-13 13:44:43,771 INFO Startup: content cache invalidated
2026-08-13 13:44:43,772 INFO Adding job tentatively -- it will be properly scheduled when the scheduler starts
2026-08-13 13:44:43,772 INFO Added job "_daily_6am_refresh" to job store "default"
2026-08-13 13:44:43,772 INFO Scheduler started
2026-08-13 13:44:43,772 INFO Scheduler: daily refresh at 06:00 IST (00:30 UTC)
2026-08-13 13:44:43,772 INFO THE DAILY SIGNAL — news.askakshay.com — started
2026-08-13 13:44:43,773 INFO picks: loaded from DB cache (2026-W33-v5)
2026-08-13 13:44:44,998 INFO screen: narrative — 1 written, 0 rejected by the guard, 0 no answer from the model
2026-08-13 13:44:44,998 INFO screen: narrative — 1 written, 0 rejected by the guard, 0 no answer from the model
2026-08-13 13:44:44,998 INFO screen: narrative for TCS rejected — numbers not in the facts: ['31']
2026-08-13 13:44:44,998 INFO screen: narrative — 0 written, 1 rejected by the guard, 0 no answer from the model
2026-08-13 13:44:44,998 INFO screen: narrative for TCS rejected — advice language
2026-08-13 13:44:44,998 INFO screen: narrative — 0 written, 1 rejected by the guard, 0 no answer from the model
2026-08-13 13:44:44,999 INFO screen: no AI callable — narrative skipped, SWOT unaffected
2026-08-13 13:44:44,999 INFO screen: narrative — 0 written, 0 rejected by the guard, 0 no answer from the model
2026-08-13 13:44:45,479 INFO Startup: content cache invalidated
2026-08-13 13:44:45,480 INFO Adding job tentatively -- it will be properly scheduled when the scheduler starts
2026-08-13 13:44:45,481 INFO Added job "_daily_6am_refresh" to job store "default"
2026-08-13 13:44:45,481 INFO Scheduler started
2026-08-13 13:44:45,482 INFO Scheduler: daily refresh at 06:00 IST (00:30 UTC)
2026-08-13 13:44:45,482 INFO THE DAILY SIGNAL — news.askakshay.com — started
2026-08-13 13:44:45,482 INFO picks: loaded from DB cache (2026-W33-v5)
2026-08-13 13:49:12,154 INFO screen: narrative — 1 written, 0 rejected by the guard, 0 no answer from the model
2026-08-13 13:49:12,154 INFO screen: narrative — 1 written, 0 rejected by the guard, 0 no answer from the model
2026-08-13 13:49:12,154 INFO screen: narrative for TCS rejected — numbers not in the facts: ['31']
2026-08-13 13:49:12,154 INFO screen: narrative — 0 written, 1 rejected by the guard, 0 no answer from the model
2026-08-13 13:49:12,155 INFO screen: narrative for TCS rejected — advice language
2026-08-13 13:49:12,155 INFO screen: narrative — 0 written, 1 rejected by the guard, 0 no answer from the model
2026-08-13 13:49:12,155 INFO screen: no AI callable — narrative skipped, SWOT unaffected
2026-08-13 13:49:12,155 INFO screen: narrative — 0 written, 0 rejected by the guard, 0 no answer from the model
2026-08-13 13:49:12,404 INFO Startup: content cache invalidated
2026-08-13 13:49:12,405 INFO Adding job tentatively -- it will be properly scheduled when the scheduler starts
2026-08-13 13:49:12,405 INFO Added job "_daily_6am_refresh" to job store "default"
2026-08-13 13:49:12,405 INFO Scheduler started
2026-08-13 13:49:12,405 INFO Scheduler: daily refresh at 06:00 IST (00:30 UTC)
2026-08-13 13:49:12,405 INFO THE DAILY SIGNAL — news.askakshay.com — started
2026-08-13 13:49:12,406 INFO picks: loaded from DB cache (2026-W33-v5)
2026-08-13 13:49:13,549 INFO screen: narrative — 1 written, 0 rejected by the guard, 0 no answer from the model
2026-08-13 13:49:13,549 INFO screen: narrative — 1 written, 0 rejected by the guard, 0 no answer from the model
2026-08-13 13:49:13,549 INFO screen: narrative for TCS rejected — numbers not in the facts: ['31']
2026-08-13 13:49:13,549 INFO screen: narrative — 0 written, 1 rejected by the guard, 0 no answer from the model
2026-08-13 13:49:13,549 INFO screen: narrative for TCS rejected — advice language
2026-08-13 13:49:13,549 INFO screen: narrative — 0 written, 1 rejected by the guard, 0 no answer from the model
2026-08-13 13:49:13,550 INFO screen: no AI callable — narrative skipped, SWOT unaffected
2026-08-13 13:49:13,550 INFO screen: narrative — 0 written, 0 rejected by the guard, 0 no answer from the model
2026-08-13 13:49:13,750 INFO Startup: content cache invalidated
2026-08-13 13:49:13,750 INFO Adding job tentatively -- it will be properly scheduled when the scheduler starts
2026-08-13 13:49:13,750 INFO Added job "_daily_6am_refresh" to job store "default"
2026-08-13 13:49:13,750 INFO Scheduler started
2026-08-13 13:49:13,750 INFO Scheduler: daily refresh at 06:00 IST (00:30 UTC)
2026-08-13 13:49:13,750 INFO THE DAILY SIGNAL — news.askakshay.com — started
2026-08-13 13:49:13,751 INFO picks: loaded from DB cache (2026-W33-v5)
2026-08-13 13:49:14,949 INFO screen: narrative — 1 written, 0 rejected by the guard, 0 no answer from the model
2026-08-13 13:49:14,949 INFO screen: narrative — 1 written, 0 rejected by the guard, 0 no answer from the model
2026-08-13 13:49:14,949 INFO screen: narrative for TCS rejected — numbers not in the facts: ['31']
2026-08-13 13:49:14,949 INFO screen: narrative — 0 written, 1 rejected by the guard, 0 no answer from the model
2026-08-13 13:49:14,949 INFO screen: narrative for TCS rejected — advice language
2026-08-13 13:49:14,949 INFO screen: narrative — 0 written, 1 rejected by the guard, 0 no answer from the model
2026-08-13 13:49:14,949 INFO screen: no AI callable — narrative skipped, SWOT unaffected
2026-08-13 13:49:14,949 INFO screen: narrative — 0 written, 0 rejected by the guard, 0 no answer from the model
2026-08-13 13:49:15,145 INFO Startup: content cache invalidated
2026-08-13 13:49:15,146 INFO Adding job tentatively -- it will be properly scheduled when the scheduler starts
2026-08-13 13:49:15,147 INFO Added job "_daily_6am_refresh" to job store "default"
2026-08-13 13:49:15,147 INFO Scheduler started
2026-08-13 13:49:15,147 INFO Scheduler: daily refresh at 06:00 IST (00:30 UTC)
2026-08-13 13:49:15,147 INFO THE DAILY SIGNAL — news.askakshay.com — started
2026-08-13 13:49:15,147 INFO picks: loaded from DB cache (2026-W33-v5)
2026-08-19 00:26:43,797 INFO screen: narrative — 1 written, 0 rejected by the guard, 0 no answer from the model
2026-08-19 00:26:43,797 INFO screen: narrative — 1 written, 0 rejected by the guard, 0 no answer from the model
2026-08-19 00:26:43,797 INFO screen: narrative for TCS rejected — numbers not in the facts: ['31']
2026-08-19 00:26:43,797 INFO screen: narrative — 0 written, 1 rejected by the guard, 0 no answer from the model
2026-08-19 00:26:43,797 INFO screen: narrative for TCS rejected — advice language
2026-08-19 00:26:43,798 INFO screen: narrative — 0 written, 1 rejected by the guard, 0 no answer from the model
2026-08-19 00:26:43,798 INFO screen: no AI callable — narrative skipped, SWOT unaffected
2026-08-19 00:26:43,798 INFO screen: narrative — 0 written, 0 rejected by the guard, 0 no answer from the model
2026-08-19 00:26:43,911 INFO Startup: content cache invalidated
2026-08-19 00:26:43,911 INFO Adding job tentatively -- it will be properly scheduled when the scheduler starts
2026-08-19 00:26:43,911 INFO Added job "_daily_6am_refresh" to job store "default"
2026-08-19 00:26:43,911 INFO Scheduler started
2026-08-19 00:26:43,911 INFO Scheduler: daily refresh at 06:00 IST (00:30 UTC)
2026-08-19 00:26:43,911 INFO THE DAILY SIGNAL — news.askakshay.com — started
2026-08-19 00:26:43,911 INFO picks: loaded from DB cache (2026-W34-v5)
2026-08-19 00:26:43,961 INFO stock screen: serving previous build, 6.1d old
2026-08-29 22:54:38,840 INFO screen: narrative — 1 written, 0 rejected by the guard, 0 no answer from the model
2026-08-29 22:54:38,840 INFO screen: narrative — 1 written, 0 rejected by the guard, 0 no answer from the model
2026-08-29 22:54:38,840 INFO screen: narrative for TCS rejected — numbers not in the facts: ['31']
2026-08-29 22:54:38,840 INFO screen: narrative — 0 written, 1 rejected by the guard, 0 no answer from the model
2026-08-29 22:54:38,840 INFO screen: narrative for TCS rejected — advice language
2026-08-29 22:54:38,840 INFO screen: narrative — 0 written, 1 rejected by the guard, 0 no answer from the model
2026-08-29 22:54:38,840 INFO screen: no AI callable — narrative skipped, SWOT unaffected
2026-08-29 22:54:38,840 INFO screen: narrative — 0 written, 0 rejected by the guard, 0 no answer from the model
2026-08-29 22:54:39,100 INFO Startup: content cache invalidated
2026-08-29 22:54:39,102 INFO Adding job tentatively -- it will be properly scheduled when the scheduler starts
2026-08-29 22:54:39,102 INFO Added job "_daily_6am_refresh" to job store "default"
2026-08-29 22:54:39,102 INFO Scheduler started
2026-08-29 22:54:39,102 INFO Scheduler: daily refresh at 06:00 MYT (22:00 UTC)
2026-08-29 22:54:39,102 INFO THE DAILY SIGNAL — news.askakshay.com — started
2026-08-29 22:54:39,103 INFO picks: loaded from DB cache (2026-W35-v6)
2026-08-29 22:54:39,173 INFO stock screen: serving previous build, 17.0d old
2026-08-30 12:00:45,739 INFO screen: narrative — 1 written, 0 rejected by the guard, 0 no answer from the model
2026-08-30 12:00:45,739 INFO screen: narrative — 1 written, 0 rejected by the guard, 0 no answer from the model
2026-08-30 12:00:45,739 INFO screen: narrative for TCS rejected — numbers not in the facts: ['31']
2026-08-30 12:00:45,739 INFO screen: narrative — 0 written, 1 rejected by the guard, 0 no answer from the model
2026-08-30 12:00:45,739 INFO screen: narrative for TCS rejected — advice language
2026-08-30 12:00:45,739 INFO screen: narrative — 0 written, 1 rejected by the guard, 0 no answer from the model
2026-08-30 12:00:45,739 INFO screen: no AI callable — narrative skipped, SWOT unaffected
2026-08-30 12:00:45,739 INFO screen: narrative — 0 written, 0 rejected by the guard, 0 no answer from the model
2026-08-30 12:00:46,069 INFO Startup: content cache invalidated
2026-08-30 12:00:46,069 INFO Adding job tentatively -- it will be properly scheduled when the scheduler starts
2026-08-30 12:00:46,070 INFO Added job "_daily_6am_refresh" to job store "default"
2026-08-30 12:00:46,070 INFO Scheduler started
2026-08-30 12:00:46,070 INFO Scheduler: daily refresh at 06:00 MYT (22:00 UTC)
2026-08-30 12:00:46,070 INFO THE DAILY SIGNAL — news.askakshay.com — started
2026-08-30 12:00:46,071 INFO picks: warming cache for 2026-W36-v6 — scanning 160 stocks...
2026-08-30 12:00:46,152 INFO stock screen: serving previous build, 17.5d old
2026-09-04 04:38:49,295 INFO Universe: Nifty 500 (500 stocks)
2026-09-04 04:39:00,462 ERROR 
1 Failed download:
2026-09-04 04:39:00,465 ERROR ['APLAPOLLO.NS']: TypeError("'NoneType' object is not subscriptable")
2026-09-04 04:39:10,865 ERROR 
1 Failed download:
2026-09-04 04:39:10,867 ERROR ['AWL.NS']: TypeError("'NoneType' object is not subscriptable")
2026-09-04 04:39:34,462 INFO Universe: Nifty 500 (500 stocks)
2026-09-04 04:41:46,635 ERROR 
1 Failed download:
2026-09-04 04:41:46,639 ERROR ['AUBANK.NS']: TypeError("'NoneType' object is not subscriptable")
2026-09-04 04:49:08,599 INFO Universe: Nifty 500 (500 stocks)
2026-09-04 04:50:20,904 INFO Universe: Nifty 500 (500 stocks)
2026-09-04 04:50:56,810 INFO Universe: Nifty 500 (500 stocks)
2026-09-04 04:51:21,757 ERROR 
1 Failed download:
2026-09-04 04:51:21,758 ERROR ['ANANTRAJ.NS']: TypeError("'NoneType' object is not subscriptable")
2026-09-04 04:51:27,576 INFO Universe: Nifty 500 (500 stocks)
2026-09-04 04:51:43,876 ERROR 
1 Failed download:
2026-09-04 04:51:43,877 ERROR ['ADANIPOWER.NS']: TypeError("'NoneType' object is not subscriptable")
2026-09-04 04:52:54,797 ERROR 
1 Failed download:
2026-09-04 04:52:54,799 ERROR ['IRCTC.NS']: TypeError("'NoneType' object is not subscriptable")
2026-09-04 04:54:00,996 ERROR 
1 Failed download:
2026-09-04 04:54:00,998 ERROR ['NCC.NS']: TypeError("'NoneType' object is not subscriptable")
2026-09-04 04:54:01,033 ERROR 
1 Failed download:
2026-09-04 04:54:01,033 ERROR ['RAILTEL.NS']: TypeError("'NoneType' object is not subscriptable")
2026-09-04 04:54:40,818 ERROR 
1 Failed download:
2026-09-04 04:54:40,819 ERROR 
1 Failed download:
2026-09-04 04:54:40,820 ERROR ['UCOBANK.NS']: TypeError("'NoneType' object is not subscriptable")
2026-09-04 04:54:40,820 ERROR ['PCBL.NS']: TypeError("'NoneType' object is not subscriptable")
2026-09-04 04:56:35,137 INFO Universe: Nifty 500 (500 stocks)
2026-09-04 04:57:29,004 ERROR 
1 Failed download:
2026-09-04 04:57:29,006 ERROR ['BLUEDART.NS']: TypeError("'NoneType' object is not subscriptable")
2026-09-04 04:59:30,977 ERROR 
1 Failed download:
2026-09-04 04:59:30,978 ERROR ['JMFINANCIL.NS']: TypeError("'NoneType' object is not subscriptable")
2026-09-04 05:00:08,584 ERROR 
1 Failed download:
2026-09-04 05:00:08,588 ERROR ['M&MFIN.NS']: TypeError("'NoneType' object is not subscriptable")
2026-09-04 05:01:34,447 INFO breakout gate1 reject ANTHEM: R:R 1.60 < 2.0 (needs 38% win rate to break even)
2026-09-04 05:01:34,448 INFO breakout gate1 reject ATHERENERG: R:R 1.48 < 2.0 (needs 40% win rate to break even)
2026-09-04 05:01:34,448 INFO breakout gate1 reject BEML: R:R 1.60 < 2.0 (needs 38% win rate to break even)
2026-09-04 05:01:34,448 INFO breakout gate1 reject BRIGADE: R:R 1.86 < 2.0 (needs 35% win rate to break even)
2026-09-04 05:01:34,448 INFO breakout gate1 reject CAPLIPOINT: R:R 1.79 < 2.0 (needs 36% win rate to break even)
2026-09-04 05:01:34,448 INFO breakout gate1 reject CRAFTSMAN: R:R 1.60 < 2.0 (needs 38% win rate to break even)
2026-09-04 05:01:34,448 INFO breakout gate1 reject ENGINERSIN: R:R 1.87 < 2.0 (needs 35% win rate to break even)
2026-09-04 05:01:34,448 INFO breakout gate1 reject INDGN: R:R 1.60 < 2.0 (needs 38% win rate to break even)
2026-09-04 05:01:34,448 INFO breakout gate1 reject PTCIL: R:R 1.86 < 2.0 (needs 35% win rate to break even)
2026-09-04 05:01:34,448 INFO breakout gate1 reject RBLBANK: R:R 1.60 < 2.0 (needs 38% win rate to break even)
2026-09-04 05:01:34,448 INFO breakout gate1 reject SAILIFE: R:R 1.63 < 2.0 (needs 38% win rate to break even)
2026-09-04 05:01:34,448 INFO breakout gate1 reject SOLARINDS: R:R 1.60 < 2.0 (needs 38% win rate to break even)
2026-09-04 05:01:34,448 INFO breakout gate1 reject WELSPUNLIV: R:R 1.87 < 2.0 (needs 35% win rate to break even)
2026-09-04 05:01:34,456 INFO fundamentals: warming 4 of 4 symbols
2026-09-04 05:01:39,810 INFO fundamentals: prefetch done — 4/4 fetched, 0 already cached
2026-09-04 05:01:39,811 INFO breakout gate2 reject IFCI: trailing PAT is negative; PE 145x > 80x
2026-09-04 05:01:39,811 INFO breakout gate2 reject URBANCO: trailing PAT is negative
2026-09-04 05:01:39,811 INFO breakout: 17 raw → 4 price-gated → 2 qualified → 2 published
2026-09-04 05:01:39,811 INFO Breakout scan: 2 confirmed breakouts (from 17 raw)
